// Jest Snapshot v1, https://goo.gl/fbAQLP

exports[`HooksApp should render ok 1`] = `
<div>
  hooks
</div>
`;
