// Jest Snapshot v1, https://goo.gl/fbAQLP

exports[`MultipleCustomHooks should render ok 1`] = `
<Fragment>
  <h2>
    current Quote Id: 
    5
  </h2>
  <button
    onClick={[Function]}
  >
    random Id
  </button>
  <div>
    <p>
      loading...
    </p>
  </div>
</Fragment>
`;
